// Jest Snapshot v1, https://goo.gl/fbAQLP

exports[`should render correctly 1`] = `
<div
  isGeom={true}
  properties={
    Object {
      "extraLayer1": Object {
        "display_value": Object {
          "coordinates": Array [
            Array [
              Array [
                0.497868853018598,
                43.98132852670764,
              ],
              Array [
                0.497943812453336,
                43.98140948979532,
              ],
              Array [
                0.497990051744801,
                43.98145943234657,
              ],
              Array [
                0.497868853018598,
                43.98132852670764,
              ],
            ],
          ],
          "type": "MultiPolygon",
        },
        "method": "PATCH",
        "schema": Object {
          "properties": Object {
            "coordinates": Object {
              "items": Object {
                "items": Object {
                  "items": Object {
                    "type": "number",
                  },
                  "type": "array",
                },
                "type": "array",
              },
              "type": "array",
            },
            "type": Object {
              "title": "Type",
              "type": "string",
            },
          },
          "required": Array [
            "type",
          ],
          "title": "Périmètre de protection",
          "type": "object",
        },
        "title": "Périmètre de protection",
        "type": "object",
        "ui_schema": Object {
          "coordinates": Object {
            "items": Object {
              "items": Object {
                "ui:options": Object {
                  "addable": false,
                  "orderable": false,
                  "removable": false,
                },
              },
              "ui:options": Object {
                "addable": false,
                "orderable": false,
                "removable": false,
              },
            },
            "ui:options": Object {
              "addable": false,
              "orderable": false,
              "removable": false,
            },
          },
          "type": Object {
            "ui:widget": "hidden",
          },
          "ui:field": "geometry",
        },
        "url": "api/endpoint/to/extra1",
        "value": Object {
          "coordinates": Array [
            Array [
              Array [
                0.497868853018598,
                43.98132852670764,
              ],
              Array [
                0.497943812453336,
                43.98140948979532,
              ],
              Array [
                0.497990051744801,
                43.98145943234657,
              ],
              Array [
                0.497868853018598,
                43.98132852670764,
              ],
            ],
          ],
          "type": "MultiPolygon",
        },
      },
      "extraLayer2": Object {
        "display_value": Object {
          "coordinates": Array [],
          "type": "MultiPolygon",
        },
        "method": "POST",
        "schema": Object {
          "properties": Object {
            "coordinates": Object {
              "items": Object {
                "items": Object {
                  "items": Object {
                    "items": Object {
                      "type": "number",
                    },
                    "type": "array",
                  },
                  "type": "array",
                },
                "type": "array",
              },
              "type": "array",
            },
            "type": Object {
              "title": "Type",
              "type": "string",
            },
          },
          "required": Array [
            "type",
          ],
          "title": "Zone tampon",
          "type": "object",
        },
        "title": "Zone tampon",
        "type": "object",
        "ui_schema": Object {
          "coordinates": Object {
            "items": Object {
              "items": Object {
                "items": Object {
                  "ui:options": Object {
                    "addable": false,
                    "orderable": false,
                    "removable": false,
                  },
                },
                "ui:options": Object {
                  "addable": false,
                  "orderable": false,
                  "removable": false,
                },
              },
              "ui:options": Object {
                "addable": false,
                "orderable": false,
                "removable": false,
              },
            },
            "ui:options": Object {
              "addable": false,
              "orderable": false,
              "removable": false,
            },
          },
          "type": Object {
            "ui:widget": "hidden",
          },
          "ui:field": "geometry",
        },
        "url": "api/endpoint/to/extra2",
        "value": Object {
          "coordinates": Array [],
          "type": "MultiPolygon",
        },
      },
      "main": Object {
        "display_value": Object {
          "coordinates": Array [
            0.49820678963087,
            43.9813318364992,
          ],
          "type": "Point",
        },
        "method": "PATCH",
        "schema": Object {
          "properties": Object {
            "coordinates": Object {
              "items": Object {
                "type": "number",
              },
              "type": "array",
            },
            "type": Object {
              "title": "Type",
              "type": "string",
            },
          },
          "required": Array [
            "type",
            "coordinates",
          ],
          "title": "Main geometry",
          "type": "object",
        },
        "title": "Main geometry",
        "type": "object",
        "ui_schema": Object {
          "coordinates": Object {
            "ui:options": Object {
              "addable": false,
              "orderable": false,
              "removable": false,
            },
          },
          "type": Object {
            "ui:widget": "hidden",
          },
          "ui:field": "geometry",
        },
        "url": "/api/endpoint/to/main",
        "value": Object {
          "coordinates": Array [
            0.49820678963087,
            43.9813318364992,
          ],
          "type": "Point",
        },
      },
    }
  }
/>
`;
