// Jest Snapshot v1, https://goo.gl/fbAQLP

exports[`should render correctly 1`] = `
Array [
  <li
    title="CRUD.details.generatedDocument"
  />,
  <li
    className="MINIMAL"
    href="path/to/file/"
    icon="document"
    text="FileName"
  />,
  <li
    className="MINIMAL"
    href="path/to/file2/"
    icon="document"
    text="FileName2"
  />,
]
`;
