// Jest Snapshot v1, https://goo.gl/fbAQLP

exports[`should render correctly 1`] = `
<div
  className="details__actions"
>
  <div>
    <div />
  </div>
  <div>
    <span
      className="bp3-button bp3-intent-primary"
    >
      <li>
        edit
      </li>
      <span
        className="bp3-button-text"
      >
        CRUD.details.update
      </span>
    </span>
  </div>
  <div>
    <span
      className="bp3-button"
    >
      <li>
        undo
      </li>
      <span
        className="bp3-button-text"
      >
        CRUD.details.cancel
      </span>
    </span>
  </div>
  <div>
    Children component
  </div>
</div>
`;
