// Jest Snapshot v1, https://goo.gl/fbAQLP

exports[`should not render anything 1`] = `null`;

exports[`should render correctly 1`] = `
<div
  className="bp3-callout bp3-intent-warning bp3-callout-icon"
>
  <span
    className="bp3-icon bp3-icon-warning-sign"
    icon="warning-sign"
  >
    <svg
      data-icon="warning-sign"
      height={20}
      viewBox="0 0 20 20"
      width={20}
    >
      <desc>
        warning-sign
      </desc>
      <path
        d="M19.86 17.52l.01-.01-9-16-.01.01C10.69 1.21 10.37 1 10 1s-.69.21-.86.52l-.01-.01-9 16 .01.01c-.08.14-.14.3-.14.48 0 .55.45 1 1 1h18c.55 0 1-.45 1-1 0-.18-.06-.34-.14-.48zM11 17H9v-2h2v2zm0-3H9V6h2v8z"
        fillRule="evenodd"
      />
    </svg>
  </span>
  Lorem ipsum dolor sit amet.
</div>
`;
