// Jest Snapshot v1, https://goo.gl/fbAQLP

exports[`should render correctly 1`] = `
Array [
  <ul>
    <li>
      <span>
        Name of the group
      </span>
      <ul
        className="details__list"
      >
        <li
          className="details__list-item"
        >
          <strong
            className="details__list-label"
          >
            Numéro
          </strong>
          <span
            className="details__list-value"
          >
            2
          </span>
        </li>
        <li
          className="details__list-item"
        >
          <strong
            className="details__list-label"
          >
            Validation
          </strong>
          <span
            className="details__list-value"
          >
            CRUD.details.true
          </span>
        </li>
        <li
          className="details__list-item"
        >
          <strong
            className="details__list-label"
          >
            Available
          </strong>
          <span
            className="details__list-value"
          >
            CRUD.details.false
          </span>
        </li>
        <li
          className="details__list-item"
        >
          <strong
            className="details__list-label"
          >
            ArrayOfStrings
          </strong>
          <span
            className="details__list-value"
          >
            1, 2, 3
          </span>
        </li>
        <li
          className="details__list-item"
        >
          <strong
            className="details__list-label"
          >
            ArrayOfObjects
          </strong>
          <span
            className="details__list-value"
          >
            <div
              className="details__text"
              dangerouslySetInnerHTML={
                Object {
                  "__html": "foo: Foo, bar: Bar
test: footest",
                }
              }
            />
          </span>
        </li>
        <li
          className="details__list-item"
        >
          <strong
            className="details__list-label"
          >
            ArrayOfObjectsToTable
          </strong>
          <span
            className="details__list-value"
          >
            <table
              className="details__table"
            >
              <thead>
                <tr>
                  <th>
                    foo
                  </th>
                  <th>
                    bar
                  </th>
                </tr>
              </thead>
              <tbody>
                <tr>
                  <td>
                    FooItem
                  </td>
                  <td>
                    BarItem
                  </td>
                </tr>
                <tr>
                  <td>
                    Foo2Item
                  </td>
                  <td>
                    Bar2Item
                  </td>
                </tr>
              </tbody>
            </table>
          </span>
        </li>
        <li
          className="details__list-item"
        >
          <strong
            className="details__list-label"
          >
            Object
          </strong>
          <span
            className="details__list-value"
          >
            foobar: foobar, foobarbar: foobarbar
          </span>
        </li>
        <li
          className="details__list-item"
        >
          <strong
            className="details__list-label"
          >
            EmptyValue
          </strong>
          <span
            className="details__list-value"
          >
            <div
              className="details__text"
              dangerouslySetInnerHTML={
                Object {
                  "__html": "  ",
                }
              }
            />
          </span>
        </li>
      </ul>
    </li>
    <li>
      <span>
        CRUD.details.other
      </span>
      <ul
        className="details__list"
      >
        <li
          className="details__list-item"
        >
          <strong
            className="details__list-label"
          >
            key without value
          </strong>
          <span
            className="details__list-value details__list-value--empty"
          >
            CRUD.details.noFeature
          </span>
        </li>
        <li
          className="details__list-item"
        >
          <strong
            className="details__list-label"
          >
            Hello foo bar
          </strong>
          <span
            className="details__list-value"
          >
            <div
              className="details__text"
              dangerouslySetInnerHTML={
                Object {
                  "__html": "Value hello foo bar",
                }
              }
            />
          </span>
        </li>
        <li
          className="details__list-item"
        >
          <strong
            className="details__list-label"
          >
            Contact
          </strong>
          <span
            className="details__list-value"
          >
            <div
              className="details__text"
              dangerouslySetInnerHTML={
                Object {
                  "__html": "Foo contact",
                }
              }
            />
          </span>
        </li>
      </ul>
    </li>
  </ul>,
  <div>
    Actions
  </div>,
]
`;
