// Jest Snapshot v1, https://goo.gl/fbAQLP

exports[`should render correctly false 1`] = `"CRUD.details.false"`;

exports[`should render correctly nothing 1`] = `
<span
  className="details__list-value--empty"
>
  CRUD.details.noValue
</span>
`;

exports[`should render correctly true 1`] = `"CRUD.details.true"`;
