// Jest Snapshot v1, https://goo.gl/fbAQLP

exports[`should snapshot correctly 1`] = `
<div
  className="CRUD-nav CRUD-nav--active"
>
  <div
    className="CRUD-nav__button"
  >
    <div
      aria-controls="CRUD-nav__menu"
      aria-label="CRUD.nav.foldMenu"
      expandable="true"
      icon="menu-closed"
      minimal={true}
      onClick={[Function]}
    />
  </div>
  <ul
    className="CRUD-nav__menu"
    id="CRUD-nav__menu"
  >
    <div
      collapsed={true}
      crud_views={
        Array [
          Object {
            "id": 5,
            "name": "Monuments",
            "order": 0,
          },
          Object {
            "id": 1,
            "name": "Sentiers",
            "order": 1,
          },
          Object {
            "id": 3,
            "name": "Zones tampons",
            "order": 3,
            "pictogram": null,
          },
        ]
      }
      id={1}
      name="Biens UNESCO"
      navCollapsed={false}
      order={0}
      views={
        Array [
          Object {
            "id": 5,
            "name": "Monuments",
            "order": 0,
          },
          Object {
            "id": 1,
            "name": "Sentiers",
            "order": 1,
          },
          Object {
            "id": 3,
            "name": "Zones tampons",
            "order": 3,
            "pictogram": null,
          },
        ]
      }
    />
    <div
      collapsed={true}
      crud_views={
        Array [
          Object {
            "id": 23,
            "name": "Chemins",
            "order": 0,
            "pictogram": null,
          },
        ]
      }
      id={8}
      name="Autres"
      navCollapsed={false}
      order={1}
      pictogram={null}
      views={
        Array [
          Object {
            "id": 23,
            "name": "Chemins",
            "order": 0,
            "pictogram": null,
          },
        ]
      }
    />
    <div
      collapsed={false}
      crud_views={
        Array [
          Object {
            "id": 2,
            "name": "Biens",
            "order": 1,
            "pictogram": null,
          },
          Object {
            "id": 4,
            "name": "Biens polygone",
            "order": 4,
            "pictogram": null,
          },
        ]
      }
      id={null}
      name="Unclassified"
      navCollapsed={false}
      order={null}
      pictogram={null}
      views={
        Array [
          Object {
            "id": 2,
            "name": "Biens",
            "order": 1,
            "pictogram": null,
          },
          Object {
            "id": 4,
            "name": "Biens polygone",
            "order": 4,
            "pictogram": null,
          },
        ]
      }
    />
  </ul>
</div>
`;
