// Jest Snapshot v1, https://goo.gl/fbAQLP

exports[`should render correctly 1`] = `
<div>
  <div>
    <a>
      <span
        className="btn minimal active"
      >
        <div>
          list-detail-view
        </div>
        <span
          className="bp3-button-text"
        >
           
          CRUD.details.menu.default
        </span>
      </span>
    </a>
    <a>
      <span
        className="btn minimal"
      >
        <div>
          polygon-filter
        </div>
        <span
          className="bp3-button-text"
        >
           
          CRUD.details.menu.geometries
        </span>
      </span>
    </a>
    <span
      className="btn minimal disabled"
    >
      <div>
        paperclip
      </div>
      <span
        className="bp3-button-text"
      >
         
        CRUD.details.menu.attachmentFiles
      </span>
    </span>
    <span
      className="btn minimal disabled"
    >
      <div>
        media
      </div>
      <span
        className="bp3-button-text"
      >
         
        CRUD.details.menu.attachmentImages
      </span>
    </span>
  </div>
</div>
`;
